// Vitest Snapshot v1, https://vitest.dev/guide/snapshot.html

exports[`NavUser Component > should match snapshot 1`] = `
<div>
  <div
    class="group/sidebar-wrapper flex min-h-svh w-full has-data-[variant=inset]:bg-sidebar"
    data-slot="sidebar-wrapper"
    style="--sidebar-width: 16rem; --sidebar-width-icon: 3rem;"
  >
    <ul
      class="flex w-full min-w-0 flex-col gap-1"
      data-sidebar="menu"
      data-slot="sidebar-menu"
    >
      <li
        class="group/menu-item relative"
        data-sidebar="menu-item"
        data-slot="sidebar-menu-item"
      >
        <button
          aria-expanded="false"
          aria-haspopup="menu"
          class="peer/menu-button flex w-full items-center gap-2 overflow-hidden rounded-md p-2 text-start outline-hidden ring-sidebar-ring transition-[width,height,padding] focus-visible:ring-2 active:bg-sidebar-accent active:text-sidebar-accent-foreground disabled:pointer-events-none disabled:opacity-50 group-has-data-[sidebar=menu-action]/menu-item:pe-8 aria-disabled:pointer-events-none aria-disabled:opacity-50 data-[active=true]:bg-sidebar-accent data-[active=true]:font-medium data-[active=true]:text-sidebar-accent-foreground data-[state=open]:hover:bg-sidebar-accent data-[state=open]:hover:text-sidebar-accent-foreground group-data-[collapsible=icon]:size-8! [&>span:last-child]:truncate [&>svg]:size-4 [&>svg]:shrink-0 hover:bg-sidebar-accent hover:text-sidebar-accent-foreground h-12 text-sm group-data-[collapsible=icon]:p-0! data-[state=open]:bg-sidebar-accent data-[state=open]:text-sidebar-accent-foreground"
          data-active="false"
          data-sidebar="menu-button"
          data-size="lg"
          data-slot="dropdown-menu-trigger"
          data-state="closed"
          id="radix-_r_a_"
          type="button"
        >
          <span
            class="relative flex size-8 shrink-0 overflow-hidden h-8 w-8 rounded-lg"
            data-slot="avatar"
          >
            <span
              class="flex size-full items-center justify-center bg-muted rounded-lg"
              data-slot="avatar-fallback"
            >
              T
            </span>
          </span>
          <div
            class="grid flex-1 text-start text-sm leading-tight"
          >
            <span
              class="truncate font-semibold"
            >
              testuser
            </span>
            <span
              class="truncate text-xs"
            >
              test@example.com
            </span>
          </div>
          <svg
            aria-hidden="true"
            class="lucide lucide-chevrons-up-down ms-auto size-4"
            fill="none"
            height="24"
            stroke="currentColor"
            stroke-linecap="round"
            stroke-linejoin="round"
            stroke-width="2"
            viewBox="0 0 24 24"
            width="24"
            xmlns="http://www.w3.org/2000/svg"
          >
            <path
              d="m7 15 5 5 5-5"
            />
            <path
              d="m7 9 5-5 5 5"
            />
          </svg>
        </button>
      </li>
    </ul>
  </div>
</div>
`;
